// Jest Snapshot v1, https://goo.gl/fbAQLP

exports[`Insight Component should render chart 1`] = `
<div
  className="sc-Rmtcm bFebeR"
  height={200}
>
  <div
    style={
      Object {
        "height": "100%",
        "width": "100%",
      }
    }
  />
</div>
`;
